// Jest Snapshot v1, https://goo.gl/fbAQLP

exports[`App renders correctly 1`] = `
<div
  className="App"
>
  <header
    className="App-header"
  >
    <div
      className="root"
    >
      <header
        className="MuiPaper-root MuiAppBar-root MuiAppBar-positionStatic MuiAppBar-colorPrimary MuiPaper-elevation4"
      >
        <div
          className="MuiToolbar-root MuiToolbar-regular MuiToolbar-gutters"
        >
          <img
            alt=""
            className="image-gabarit"
            src=""
          />
          <h6
            className="MuiTypography-root title-centred MuiTypography-h6"
          >
            OpenData Paris
          </h6>
          <a
            className="link-wrapper"
            href="/api"
            onClick={[Function]}
          >
            <button
              className="MuiButtonBase-root MuiButton-root MuiButton-text button-api"
              disabled={false}
              onBlur={[Function]}
              onDragLeave={[Function]}
              onFocus={[Function]}
              onKeyDown={[Function]}
              onKeyUp={[Function]}
              onMouseDown={[Function]}
              onMouseLeave={[Function]}
              onMouseUp={[Function]}
              onTouchEnd={[Function]}
              onTouchMove={[Function]}
              onTouchStart={[Function]}
              tabIndex={0}
              type="button"
            >
              <span
                className="MuiButton-label"
              >
                API
              </span>
            </button>
          </a>
        </div>
      </header>
    </div>
    <div
      className="root"
    >
      <div
        className="MuiGrid-root MuiGrid-container MuiGrid-direction-xs-column MuiGrid-align-items-xs-center MuiGrid-justify-xs-center"
      >
        <div
          className="MuiGrid-root MuiGrid-item MuiGrid-grid-md-12"
        >
          <p
            className="styled-p-margin"
          >
            Déposer un fichier CSV
          </p>
        </div>
        <div
          className="MuiGrid-root MuiGrid-item MuiGrid-grid-md-12"
        >
          <input
            accept=".csv, .xml"
            className="display-nothing"
            disabled={false}
            id="contained-button-file"
            multiple={true}
            onChange={[Function]}
            type="file"
          />
          <label
            htmlFor="contained-button-file"
          >
            <span
              aria-disabled={false}
              className="MuiButtonBase-root MuiButton-root MuiButton-contained MuiButton-containedPrimary"
              onBlur={[Function]}
              onDragLeave={[Function]}
              onFocus={[Function]}
              onKeyDown={[Function]}
              onKeyUp={[Function]}
              onMouseDown={[Function]}
              onMouseLeave={[Function]}
              onMouseUp={[Function]}
              onTouchEnd={[Function]}
              onTouchMove={[Function]}
              onTouchStart={[Function]}
              role="button"
              tabIndex={0}
            >
              <span
                className="MuiButton-label"
              >
                <span
                  className="MuiButton-startIcon MuiButton-iconSizeMedium"
                >
                  <svg
                    aria-hidden="true"
                    className="MuiSvgIcon-root"
                    focusable="false"
                    role="presentation"
                    viewBox="0 0 24 24"
                  >
                    <path
                      d="M17 3H5c-1.11 0-2 .9-2 2v14c0 1.1.89 2 2 2h14c1.1 0 2-.9 2-2V7l-4-4zm-5 16c-1.66 0-3-1.34-3-3s1.34-3 3-3 3 1.34 3 3-1.34 3-3 3zm3-10H5V5h10v4z"
                    />
                  </svg>
                </span>
                Déposer un fichier
              </span>
            </span>
          </label>
        </div>
        <div
          className="MuiGrid-root MuiGrid-item MuiGrid-grid-md-12"
        >
          <p>
            Les fichiers suivants sont importés :
          </p>
          <ul />
        </div>
        <div
          className="MuiGrid-root padding-button MuiGrid-item MuiGrid-grid-md-12"
        >
          <label
            aria-disabled={true}
            className="MuiButtonBase-root MuiButton-root MuiButton-contained Mui-disabled Mui-disabled"
            onBlur={[Function]}
            onDragLeave={[Function]}
            onFocus={[Function]}
            onKeyDown={[Function]}
            onKeyUp={[Function]}
            onMouseDown={[Function]}
            onMouseLeave={[Function]}
            onMouseUp={[Function]}
            onTouchEnd={[Function]}
            onTouchMove={[Function]}
            onTouchStart={[Function]}
            role="button"
            tabIndex={-1}
          >
            <span
              className="MuiButton-label"
            >
              Envoyer
            </span>
          </label>
        </div>
      </div>
    </div>
    <footer
      className="fixed-bottom"
    >
      <div
        className="MuiGrid-root empty-div MuiGrid-container MuiGrid-align-items-xs-center"
      >
        <div
          className="MuiGrid-root styled-copyright MuiGrid-item MuiGrid-grid-xs-4 MuiGrid-grid-md-5"
        >
          OpenData Paris Copyright 2021©
        </div>
        <div
          className="MuiGrid-root styled-description MuiGrid-item MuiGrid-grid-xs-4 MuiGrid-grid-md-3"
        >
          EPSI MSPR Maintenance Applicative
        </div>
        <div
          className="MuiGrid-root MuiGrid-item MuiGrid-grid-xs-4 MuiGrid-grid-md-4"
        >
          <p
            className="MuiTypography-root styled-maddewithlove MuiTypography-body1 MuiTypography-alignRight"
          >
            Made with ❤ in EPSI Montpellier
          </p>
        </div>
      </div>
    </footer>
  </header>
</div>
`;
